{"timestamp":"2026-09-06T21:05:06.123456789Z","severity":"INFO","service.name":"webrtc-sip-gateway","service.version":"1.2.3","deployment.environment":"test","service.instance.id":"gateway-a","component":"session","event.name":"call.completed","outcome":"success","reason":"normal","session.id":"session-123","call.correlation_id":"corr-456","trace_id":"0123456789abcdef0123456789abcdef","span_id":"0123456789abcdef","trunk.id":17,"measurements":{"duration_ms":1500,"packets":42}}
